2026-05-05 01:09:09.814: [INFO] OnDoneLoading sync enabled: 0
2026-05-05 20:41:06.869: [INFO] OnDoneLoading sync enabled: 0
2026-05-05 20:44:30.891: [INFO] OnDoneLoading sync enabled: 0
2026-05-05 20:46:51.237: [INFO] OnDoneLoading sync enabled: 0
2026-05-05 20:58:18.715: [INFO] OnDoneLoading sync enabled: 0
2026-05-05 21:04:13.793: [INFO] OnDoneLoading sync enabled: 0
2026-05-05 22:16:28.329: [INFO] OnDoneLoading sync enabled: 0
2026-05-05 23:56:29.234: [INFO] OnDoneLoading sync enabled: 0
2026-05-06 01:29:48.208: [INFO] OnDoneLoading sync enabled: 0
2026-05-06 01:43:14.462: [INFO] OnDoneLoading sync enabled: 0
2026-05-06 13:15:29.412: [INFO] OnDoneLoading sync enabled: 0
2026-05-06 13:18:14.990: [INFO] OnDoneLoading sync enabled: 0
2026-05-06 13:21:25.361: [INFO] OnDoneLoading sync enabled: 0
2026-05-06 13:30:02.486: [INFO] OnDoneLoading sync enabled: 0
2026-05-06 13:46:46.505: [INFO] OnDoneLoading sync enabled: 0
2026-05-06 14:30:08.830: [INFO] OnDoneLoading sync enabled: 0
2026-05-06 14:42:55.579: [INFO] OnDoneLoading sync enabled: 0
2026-05-07 20:33:50.037: [INFO] OnDoneLoading sync enabled: 0
2026-05-07 22:25:36.887: [INFO] OnDoneLoading sync enabled: 0
2026-05-07 22:31:15.177: [INFO] OnDoneLoading sync enabled: 0
2026-05-07 22:33:32.145: [INFO] OnDoneLoading sync enabled: 0
2026-05-07 22:53:46.320: [INFO] OnDoneLoading sync enabled: 0
2026-05-07 23:16:33.764: [INFO] OnDoneLoading sync enabled: 0
2026-05-09 15:55:11.222: [INFO] OnDoneLoading sync enabled: 0
2026-05-10 20:49:31.231: [INFO] OnDoneLoading sync enabled: 0
2026-05-10 21:20:14.866: [INFO] OnDoneLoading sync enabled: 0
2026-05-15 17:05:47.805: [INFO] OnDoneLoading sync enabled: 0
2026-05-15 17:12:01.180: [INFO] OnDoneLoading sync enabled: 0
2026-05-15 17:17:22.456: [INFO] OnDoneLoading sync enabled: 0
2026-05-20 00:45:12.931: [INFO] OnDoneLoading sync enabled: 0
2026-05-25 13:51:42.328: [INFO] OnDoneLoading sync enabled: 0
2026-06-18 21:31:34.859: [INFO] OnDoneLoading sync enabled: 0
2026-07-24 23:33:33.058: [INFO] OnDoneLoading sync enabled: 0
2026-08-11 13:32:27.662: [INFO] CurrentProfilePath: C:\Users\User_mod\Desktop\projeto victor\CrudApp\bin\Debug\net8.0-windows\win-x64\CrudApp.exe.WebView2\EBWebView\Default
2026-08-11 13:32:27.662: [INFO] Profiles total count: 1
2026-08-11 13:32:27.663: [INFO] Profile: name=Profile 1 path=C:\Users\User_mod\Desktop\projeto victor\CrudApp\bin\Debug\net8.0-windows\win-x64\CrudApp.exe.WebView2\EBWebView\Default lastActive=2026-07-24T23:33:33.269Z
2026-08-11 13:32:27.663: [INFO] LastUsedProfileDir: C:\Users\User_mod\Desktop\projeto victor\CrudApp\bin\Debug\net8.0-windows\win-x64\CrudApp.exe.WebView2\EBWebView\Default
2026-08-11 13:32:27.663: [INFO] MostRecentlyActiveProfile: name=Profile 1 path=C:\Users\User_mod\Desktop\projeto victor\CrudApp\bin\Debug\net8.0-windows\win-x64\CrudApp.exe.WebView2\EBWebView\Default lastActive=2026-07-24T23:33:33.269Z
2026-08-11 13:32:27.663: [INFO] OnDoneLoading sync enabled: 0
2026-08-11 13:32:27.663: [INFO] BookmarkModelLoaded, ids_reassigned: 0
2026-08-11 13:32:27.663: [INFO] BookmarksLoadDropped droppedNodes=0
2026-08-11 13:32:27.663: [INFO] BookmarksSnapshot Startup total=0 bar=0 other=0 mobile=0 showBar=0 showBarNTP=1
2026-08-11 13:38:57.008: [INFO] BookmarksSnapshot Shutdown total=0 bar=0 other=0 mobile=0 showBar=0 showBarNTP=1
